<html>
<body>
<pre>
<h1>礦ision Build Log</h1>
<h2>Tool Versions:</h2>
IDE-Version: μVision V5.14.0.0
Copyright (C) 2015 ARM Ltd and ARM Germany GmbH. All rights reserved.
License Information: 222 Microsoft, Microsoft, LIC=47GVE-58625-RA9DM-XU4KD-PV1Y1-YQ1P8
 
Tool Versions:
Toolchain:       MDK-ARM Standard  Version: 5.14.0.0
Toolchain Path:  C:\Keil_v5\ARM\ARMCC\Bin
C Compiler:      Armcc.exe V5.05 update 1 (build 106)
Assembler:       Armasm.exe V5.05 update 1 (build 106)
Linker/Locator:  ArmLink.exe V5.05 update 1 (build 106)
Library Manager: ArmAr.exe V5.05 update 1 (build 106)
Hex Converter:   FromElf.exe V5.05 update 1 (build 106)
CPU DLL:         SARMCM3.DLL V5.14.0.0
Dialog DLL:      DARMSTM.DLL V1.65.0.0
Target DLL:      Segger\JL2CM3.dll V2.99.13.0
Dialog DLL:      TARMSTM.DLL V1.64.0.0
 
<h2>Project:</h2>
D:\1111111\MC20资料包V4.62\MC20资料包V4.62\7.STM32单片机例程\4.STM32F103 获取GPS数据解析\USER\main.uvprojx
Project File Date:  03/18/2018

<h2>Output:</h2>
Build target 'Target 1'
compiling main.c...
main.c(72): warning:  #177-D: variable "q" was declared but never referenced
        u8 q,w;
main.c(365): warning:  #167-D: argument of type "u8 *" is incompatible with parameter of type "const char *"
                        if (strstr(USART2_RX_BUF, Response) != NULL)
main.c(368): warning:  #167-D: argument of type "u8 *" is incompatible with parameter of type "const char *restrict"
                                printf(USART2_RX_BUF);
main.c(376): warning:  #167-D: argument of type "u8 *" is incompatible with parameter of type "const char *restrict"
        printf(USART2_RX_BUF);
main.c: 4 warnings, 0 errors
linking...
Program Size: Code=17552 RO-data=784 RW-data=152 ZI-data=2440  
FromELF: creating hex file...
"..\OBJ\main.axf" - 0 Error(s), 4 Warning(s).

<h2>Collection of Component include folders:</h2>
  D:\1111111\MC20资料包V4.62\MC20资料包V4.62\7.STM32单片机例程\4.STM32F103 获取GPS数据解析\USER\RTE
  C:\Keil_v5\ARM\PACK\Keil\STM32F1xx_DFP\2.1.0

<h2>Collection of Component Files used:</h2>
</pre>
</body>
</html>
